// Jest Snapshot v1, https://goo.gl/fbAQLP

exports[`<Pokemon /> should render 1`] = `
<DocumentFragment>
  <div>
    Pokemon
  </div>
</DocumentFragment>
`;
